### Starting parallel import process... [2025-02-28T15:21:34.057Z]
### Phase 1: Queueing jobs... [2025-02-28T15:21:35.738Z]
Queued batch of 10000 jobs. Total queued: 10000 [2025-02-28T15:21:38.502Z]
Queued batch of 10000 jobs. Total queued: 20000 [2025-02-28T15:21:40.351Z]
Queued batch of 10000 jobs. Total queued: 30000 [2025-02-28T15:21:41.880Z]
Queued batch of 10000 jobs. Total queued: 40000 [2025-02-28T15:21:43.162Z]
Queued batch of 10000 jobs. Total queued: 50000 [2025-02-28T15:21:44.137Z]
Queued batch of 10000 jobs. Total queued: 60000 [2025-02-28T15:21:45.055Z]
Queued batch of 10000 jobs. Total queued: 70000 [2025-02-28T15:21:45.977Z]
Queued batch of 10000 jobs. Total queued: 80000 [2025-02-28T15:21:46.897Z]
Queued batch of 10000 jobs. Total queued: 90000 [2025-02-28T15:21:47.492Z]
Queued batch of 10000 jobs. Total queued: 100000 [2025-02-28T15:21:48.131Z]
Queued batch of 10000 jobs. Total queued: 110000 [2025-02-28T15:21:48.847Z]
Queued batch of 10000 jobs. Total queued: 120000 [2025-02-28T15:21:49.565Z]
Queued batch of 10000 jobs. Total queued: 130000 [2025-02-28T15:21:50.281Z]
Queued batch of 10000 jobs. Total queued: 140000 [2025-02-28T15:21:50.997Z]
Queued batch of 10000 jobs. Total queued: 150000 [2025-02-28T15:21:51.713Z]
Queued batch of 10000 jobs. Total queued: 160000 [2025-02-28T15:21:52.940Z]
Queued batch of 10000 jobs. Total queued: 170000 [2025-02-28T15:21:53.556Z]
Queued batch of 10000 jobs. Total queued: 180000 [2025-02-28T15:21:54.169Z]
Queued batch of 10000 jobs. Total queued: 190000 [2025-02-28T15:21:54.784Z]
Queued batch of 10000 jobs. Total queued: 200000 [2025-02-28T15:21:55.707Z]
Queued batch of 10000 jobs. Total queued: 210000 [2025-02-28T15:21:56.320Z]
Queued batch of 10000 jobs. Total queued: 220000 [2025-02-28T15:21:56.858Z]
Queued batch of 10000 jobs. Total queued: 230000 [2025-02-28T15:21:57.417Z]
Queued batch of 10000 jobs. Total queued: 240000 [2025-02-28T15:21:58.265Z]
Queued batch of 10000 jobs. Total queued: 250000 [2025-02-28T15:21:59.085Z]
Queued batch of 10000 jobs. Total queued: 260000 [2025-02-28T15:22:00.006Z]
Queued batch of 10000 jobs. Total queued: 270000 [2025-02-28T15:22:00.883Z]
Queued batch of 10000 jobs. Total queued: 280000 [2025-02-28T15:22:01.644Z]
Queued batch of 10000 jobs. Total queued: 290000 [2025-02-28T15:22:02.260Z]
Queued batch of 10000 jobs. Total queued: 300000 [2025-02-28T15:22:02.874Z]
### Queued final batch of 9212 jobs. Total queued: 309212 [2025-02-28T15:22:03.489Z]
### Phase 2: Starting workers... [2025-02-28T15:22:03.489Z]
Started worker 0 [2025-02-28T15:22:03.500Z]
Started worker 1 [2025-02-28T15:22:03.501Z]
Started worker 2 [2025-02-28T15:22:03.501Z]
Started worker 3 [2025-02-28T15:22:03.502Z]
Started worker 4 [2025-02-28T15:22:03.502Z]
Started worker 5 [2025-02-28T15:22:03.503Z]
Started worker 6 [2025-02-28T15:22:03.503Z]
Started worker 7 [2025-02-28T15:22:03.504Z]
Started worker 8 [2025-02-28T15:22:03.505Z]
Started worker 9 [2025-02-28T15:22:03.505Z]
Started worker 10 [2025-02-28T15:22:03.506Z]
Started worker 11 [2025-02-28T15:22:03.506Z]
Started worker 12 [2025-02-28T15:22:03.507Z]
Started worker 13 [2025-02-28T15:22:03.508Z]
Started worker 14 [2025-02-28T15:22:03.508Z]
Started worker 15 [2025-02-28T15:22:03.508Z]
Started worker 16 [2025-02-28T15:22:03.509Z]
Started worker 17 [2025-02-28T15:22:03.509Z]
Started worker 18 [2025-02-28T15:22:03.509Z]
Started worker 19 [2025-02-28T15:22:03.510Z]
Started worker 20 [2025-02-28T15:22:03.511Z]
Started worker 21 [2025-02-28T15:22:03.511Z]
Started worker 22 [2025-02-28T15:22:03.513Z]
Started worker 23 [2025-02-28T15:22:03.516Z]
Started worker 24 [2025-02-28T15:22:03.516Z]
Started worker 25 [2025-02-28T15:22:03.517Z]
Started worker 26 [2025-02-28T15:22:03.517Z]
Started worker 27 [2025-02-28T15:22:03.518Z]
Started worker 28 [2025-02-28T15:22:03.519Z]
Started worker 29 [2025-02-28T15:22:03.520Z]
Started worker 30 [2025-02-28T15:22:03.520Z]
Started worker 31 [2025-02-28T15:22:03.521Z]
Started worker 32 [2025-02-28T15:22:03.522Z]
Started worker 33 [2025-02-28T15:22:03.527Z]
Started worker 34 [2025-02-28T15:22:03.528Z]
Started worker 35 [2025-02-28T15:22:03.528Z]
Started worker 36 [2025-02-28T15:22:03.528Z]
Started worker 37 [2025-02-28T15:22:03.529Z]
Started worker 38 [2025-02-28T15:22:03.533Z]
Started worker 39 [2025-02-28T15:22:03.534Z]
Started worker 40 [2025-02-28T15:22:03.534Z]
Started worker 41 [2025-02-28T15:22:03.534Z]
Started worker 42 [2025-02-28T15:22:03.535Z]
Started worker 43 [2025-02-28T15:22:03.535Z]
Started worker 44 [2025-02-28T15:22:03.535Z]
Started worker 45 [2025-02-28T15:22:03.536Z]
Started worker 46 [2025-02-28T15:22:03.536Z]
Started worker 47 [2025-02-28T15:22:03.536Z]
Started worker 48 [2025-02-28T15:22:03.537Z]
Started worker 49 [2025-02-28T15:22:03.537Z]
### Progress: 0/309212 events | Elapsed time: 5.2s [2025-02-28T15:22:08.771Z]
