### Starting parallel import process... [2025-02-17T00:53:56.729Z]
### Phase 1: Queueing jobs... [2025-02-17T00:53:57.928Z]
Queued batch of 1000 jobs. Total queued: 1000 [2025-02-17T00:53:58.632Z]
Queued batch of 1000 jobs. Total queued: 2000 [2025-02-17T00:53:59.590Z]
Queued batch of 1000 jobs. Total queued: 3000 [2025-02-17T00:54:00.590Z]
Queued batch of 1000 jobs. Total queued: 4000 [2025-02-17T00:54:01.056Z]
Queued batch of 1000 jobs. Total queued: 5000 [2025-02-17T00:54:01.302Z]
Queued batch of 1000 jobs. Total queued: 6000 [2025-02-17T00:54:02.342Z]
Queued batch of 1000 jobs. Total queued: 7000 [2025-02-17T00:54:02.812Z]
Queued batch of 1000 jobs. Total queued: 8000 [2025-02-17T00:54:03.739Z]
Queued batch of 1000 jobs. Total queued: 9000 [2025-02-17T00:54:04.675Z]
Queued batch of 1000 jobs. Total queued: 10000 [2025-02-17T00:54:05.602Z]
Queued batch of 1000 jobs. Total queued: 11000 [2025-02-17T00:54:06.538Z]
Queued batch of 1000 jobs. Total queued: 12000 [2025-02-17T00:54:07.470Z]
Queued batch of 1000 jobs. Total queued: 13000 [2025-02-17T00:54:08.502Z]
Queued batch of 1000 jobs. Total queued: 14000 [2025-02-17T00:54:09.433Z]
Queued batch of 1000 jobs. Total queued: 15000 [2025-02-17T00:54:10.412Z]
Queued batch of 1000 jobs. Total queued: 16000 [2025-02-17T00:54:10.972Z]
Queued batch of 1000 jobs. Total queued: 17000 [2025-02-17T00:54:11.941Z]
Queued batch of 1000 jobs. Total queued: 18000 [2025-02-17T00:54:12.882Z]
Queued batch of 1000 jobs. Total queued: 19000 [2025-02-17T00:54:13.356Z]
Queued batch of 1000 jobs. Total queued: 20000 [2025-02-17T00:54:14.292Z]
Queued batch of 1000 jobs. Total queued: 21000 [2025-02-17T00:54:14.790Z]
Queued batch of 1000 jobs. Total queued: 22000 [2025-02-17T00:54:15.764Z]
Queued batch of 1000 jobs. Total queued: 23000 [2025-02-17T00:54:16.699Z]
Queued batch of 1000 jobs. Total queued: 24000 [2025-02-17T00:54:17.690Z]
Queued batch of 1000 jobs. Total queued: 25000 [2025-02-17T00:54:18.647Z]
Queued batch of 1000 jobs. Total queued: 26000 [2025-02-17T00:54:19.581Z]
Queued batch of 1000 jobs. Total queued: 27000 [2025-02-17T00:54:20.512Z]
Queued batch of 1000 jobs. Total queued: 28000 [2025-02-17T00:54:21.025Z]
Queued batch of 1000 jobs. Total queued: 29000 [2025-02-17T00:54:21.269Z]
Queued batch of 1000 jobs. Total queued: 30000 [2025-02-17T00:54:21.535Z]
Queued batch of 1000 jobs. Total queued: 31000 [2025-02-17T00:54:21.772Z]
Queued batch of 1000 jobs. Total queued: 32000 [2025-02-17T00:54:22.064Z]
Queued batch of 1000 jobs. Total queued: 33000 [2025-02-17T00:54:22.304Z]
Queued batch of 1000 jobs. Total queued: 34000 [2025-02-17T00:54:22.540Z]
Queued batch of 1000 jobs. Total queued: 35000 [2025-02-17T00:54:22.786Z]
Queued batch of 1000 jobs. Total queued: 36000 [2025-02-17T00:54:23.029Z]
Queued batch of 1000 jobs. Total queued: 37000 [2025-02-17T00:54:23.268Z]
Queued batch of 1000 jobs. Total queued: 38000 [2025-02-17T00:54:23.514Z]
Queued batch of 1000 jobs. Total queued: 39000 [2025-02-17T00:54:23.774Z]
Queued batch of 1000 jobs. Total queued: 40000 [2025-02-17T00:54:24.080Z]
Queued batch of 1000 jobs. Total queued: 41000 [2025-02-17T00:54:24.387Z]
Queued batch of 1000 jobs. Total queued: 42000 [2025-02-17T00:54:24.626Z]
Queued batch of 1000 jobs. Total queued: 43000 [2025-02-17T00:54:24.864Z]
Queued batch of 1000 jobs. Total queued: 44000 [2025-02-17T00:54:25.206Z]
Queued batch of 1000 jobs. Total queued: 45000 [2025-02-17T00:54:25.447Z]
Queued batch of 1000 jobs. Total queued: 46000 [2025-02-17T00:54:25.687Z]
Queued batch of 1000 jobs. Total queued: 47000 [2025-02-17T00:54:25.932Z]
Queued batch of 1000 jobs. Total queued: 48000 [2025-02-17T00:54:26.178Z]
Queued batch of 1000 jobs. Total queued: 49000 [2025-02-17T00:54:26.418Z]
Queued batch of 1000 jobs. Total queued: 50000 [2025-02-17T00:54:26.661Z]
Queued batch of 1000 jobs. Total queued: 51000 [2025-02-17T00:54:26.905Z]
Queued batch of 1000 jobs. Total queued: 52000 [2025-02-17T00:54:27.147Z]
Queued batch of 1000 jobs. Total queued: 53000 [2025-02-17T00:54:27.387Z]
Queued batch of 1000 jobs. Total queued: 54000 [2025-02-17T00:54:27.628Z]
Queued batch of 1000 jobs. Total queued: 55000 [2025-02-17T00:54:27.866Z]
Queued batch of 1000 jobs. Total queued: 56000 [2025-02-17T00:54:28.108Z]
Queued batch of 1000 jobs. Total queued: 57000 [2025-02-17T00:54:28.357Z]
Queued batch of 1000 jobs. Total queued: 58000 [2025-02-17T00:54:28.598Z]
Queued batch of 1000 jobs. Total queued: 59000 [2025-02-17T00:54:28.838Z]
Queued batch of 1000 jobs. Total queued: 60000 [2025-02-17T00:54:29.080Z]
Queued batch of 1000 jobs. Total queued: 61000 [2025-02-17T00:54:29.320Z]
Queued batch of 1000 jobs. Total queued: 62000 [2025-02-17T00:54:29.566Z]
Queued batch of 1000 jobs. Total queued: 63000 [2025-02-17T00:54:29.810Z]
Queued batch of 1000 jobs. Total queued: 64000 [2025-02-17T00:54:30.054Z]
Queued batch of 1000 jobs. Total queued: 65000 [2025-02-17T00:54:30.299Z]
Queued batch of 1000 jobs. Total queued: 66000 [2025-02-17T00:54:30.543Z]
Queued batch of 1000 jobs. Total queued: 67000 [2025-02-17T00:54:30.780Z]
Queued batch of 1000 jobs. Total queued: 68000 [2025-02-17T00:54:31.021Z]
Queued batch of 1000 jobs. Total queued: 69000 [2025-02-17T00:54:31.265Z]
Queued batch of 1000 jobs. Total queued: 70000 [2025-02-17T00:54:31.501Z]
Queued batch of 1000 jobs. Total queued: 71000 [2025-02-17T00:54:31.738Z]
Queued batch of 1000 jobs. Total queued: 72000 [2025-02-17T00:54:31.986Z]
Queued batch of 1000 jobs. Total queued: 73000 [2025-02-17T00:54:32.232Z]
Queued batch of 1000 jobs. Total queued: 74000 [2025-02-17T00:54:32.472Z]
Queued batch of 1000 jobs. Total queued: 75000 [2025-02-17T00:54:32.725Z]
Queued batch of 1000 jobs. Total queued: 76000 [2025-02-17T00:54:32.973Z]
Queued batch of 1000 jobs. Total queued: 77000 [2025-02-17T00:54:33.228Z]
Queued batch of 1000 jobs. Total queued: 78000 [2025-02-17T00:54:33.475Z]
Queued batch of 1000 jobs. Total queued: 79000 [2025-02-17T00:54:33.720Z]
Queued batch of 1000 jobs. Total queued: 80000 [2025-02-17T00:54:33.957Z]
Queued batch of 1000 jobs. Total queued: 81000 [2025-02-17T00:54:34.199Z]
Queued batch of 1000 jobs. Total queued: 82000 [2025-02-17T00:54:34.456Z]
Queued batch of 1000 jobs. Total queued: 83000 [2025-02-17T00:54:34.695Z]
Queued batch of 1000 jobs. Total queued: 84000 [2025-02-17T00:54:34.938Z]
Queued batch of 1000 jobs. Total queued: 85000 [2025-02-17T00:54:35.242Z]
Queued batch of 1000 jobs. Total queued: 86000 [2025-02-17T00:54:35.481Z]
Queued batch of 1000 jobs. Total queued: 87000 [2025-02-17T00:54:35.753Z]
Queued batch of 1000 jobs. Total queued: 88000 [2025-02-17T00:54:36.061Z]
Queued batch of 1000 jobs. Total queued: 89000 [2025-02-17T00:54:36.334Z]
Queued batch of 1000 jobs. Total queued: 90000 [2025-02-17T00:54:36.580Z]
Queued batch of 1000 jobs. Total queued: 91000 [2025-02-17T00:54:36.822Z]
Queued batch of 1000 jobs. Total queued: 92000 [2025-02-17T00:54:37.064Z]
Queued batch of 1000 jobs. Total queued: 93000 [2025-02-17T00:54:37.305Z]
Queued batch of 1000 jobs. Total queued: 94000 [2025-02-17T00:54:37.545Z]
Queued batch of 1000 jobs. Total queued: 95000 [2025-02-17T00:54:37.801Z]
Queued batch of 1000 jobs. Total queued: 96000 [2025-02-17T00:54:38.046Z]
Queued batch of 1000 jobs. Total queued: 97000 [2025-02-17T00:54:38.313Z]
Queued batch of 1000 jobs. Total queued: 98000 [2025-02-17T00:54:38.551Z]
Queued batch of 1000 jobs. Total queued: 99000 [2025-02-17T00:54:38.825Z]
Queued batch of 1000 jobs. Total queued: 100000 [2025-02-17T00:54:39.067Z]
Queued batch of 1000 jobs. Total queued: 101000 [2025-02-17T00:54:39.337Z]
Queued batch of 1000 jobs. Total queued: 102000 [2025-02-17T00:54:39.577Z]
Queued batch of 1000 jobs. Total queued: 103000 [2025-02-17T00:54:39.820Z]
Queued batch of 1000 jobs. Total queued: 104000 [2025-02-17T00:54:40.058Z]
Queued batch of 1000 jobs. Total queued: 105000 [2025-02-17T00:54:40.308Z]
Queued batch of 1000 jobs. Total queued: 106000 [2025-02-17T00:54:40.554Z]
Queued batch of 1000 jobs. Total queued: 107000 [2025-02-17T00:54:40.793Z]
Queued batch of 1000 jobs. Total queued: 108000 [2025-02-17T00:54:41.035Z]
Queued batch of 1000 jobs. Total queued: 109000 [2025-02-17T00:54:41.282Z]
Queued batch of 1000 jobs. Total queued: 110000 [2025-02-17T00:54:41.526Z]
Queued batch of 1000 jobs. Total queued: 111000 [2025-02-17T00:54:41.771Z]
Queued batch of 1000 jobs. Total queued: 112000 [2025-02-17T00:54:42.102Z]
Queued batch of 1000 jobs. Total queued: 113000 [2025-02-17T00:54:42.356Z]
Queued batch of 1000 jobs. Total queued: 114000 [2025-02-17T00:54:42.595Z]
Queued batch of 1000 jobs. Total queued: 115000 [2025-02-17T00:54:42.833Z]
Queued batch of 1000 jobs. Total queued: 116000 [2025-02-17T00:54:43.075Z]
Queued batch of 1000 jobs. Total queued: 117000 [2025-02-17T00:54:43.315Z]
Queued batch of 1000 jobs. Total queued: 118000 [2025-02-17T00:54:43.573Z]
Queued batch of 1000 jobs. Total queued: 119000 [2025-02-17T00:54:43.821Z]
Queued batch of 1000 jobs. Total queued: 120000 [2025-02-17T00:54:44.078Z]
Queued batch of 1000 jobs. Total queued: 121000 [2025-02-17T00:54:44.334Z]
Queued batch of 1000 jobs. Total queued: 122000 [2025-02-17T00:54:44.588Z]
Queued batch of 1000 jobs. Total queued: 123000 [2025-02-17T00:54:44.841Z]
Queued batch of 1000 jobs. Total queued: 124000 [2025-02-17T00:54:45.180Z]
Queued batch of 1000 jobs. Total queued: 125000 [2025-02-17T00:54:45.424Z]
Queued batch of 1000 jobs. Total queued: 126000 [2025-02-17T00:54:45.678Z]
Queued batch of 1000 jobs. Total queued: 127000 [2025-02-17T00:54:45.939Z]
Queued batch of 1000 jobs. Total queued: 128000 [2025-02-17T00:54:46.178Z]
Queued batch of 1000 jobs. Total queued: 129000 [2025-02-17T00:54:46.418Z]
Queued batch of 1000 jobs. Total queued: 130000 [2025-02-17T00:54:46.654Z]
Queued batch of 1000 jobs. Total queued: 131000 [2025-02-17T00:54:46.893Z]
Queued batch of 1000 jobs. Total queued: 132000 [2025-02-17T00:54:47.136Z]
Queued batch of 1000 jobs. Total queued: 133000 [2025-02-17T00:54:47.375Z]
Queued batch of 1000 jobs. Total queued: 134000 [2025-02-17T00:54:47.618Z]
Queued batch of 1000 jobs. Total queued: 135000 [2025-02-17T00:54:47.863Z]
Queued batch of 1000 jobs. Total queued: 136000 [2025-02-17T00:54:48.102Z]
Queued batch of 1000 jobs. Total queued: 137000 [2025-02-17T00:54:48.345Z]
Queued batch of 1000 jobs. Total queued: 138000 [2025-02-17T00:54:48.589Z]
Queued batch of 1000 jobs. Total queued: 139000 [2025-02-17T00:54:48.832Z]
Queued batch of 1000 jobs. Total queued: 140000 [2025-02-17T00:54:49.169Z]
Queued batch of 1000 jobs. Total queued: 141000 [2025-02-17T00:54:49.406Z]
Queued batch of 1000 jobs. Total queued: 142000 [2025-02-17T00:54:49.649Z]
Queued batch of 1000 jobs. Total queued: 143000 [2025-02-17T00:54:49.895Z]
Queued batch of 1000 jobs. Total queued: 144000 [2025-02-17T00:54:50.139Z]
Queued batch of 1000 jobs. Total queued: 145000 [2025-02-17T00:54:50.377Z]
Queued batch of 1000 jobs. Total queued: 146000 [2025-02-17T00:54:50.624Z]
Queued batch of 1000 jobs. Total queued: 147000 [2025-02-17T00:54:50.874Z]
Queued batch of 1000 jobs. Total queued: 148000 [2025-02-17T00:54:51.115Z]
Queued batch of 1000 jobs. Total queued: 149000 [2025-02-17T00:54:51.359Z]
Queued batch of 1000 jobs. Total queued: 150000 [2025-02-17T00:54:51.606Z]
Queued batch of 1000 jobs. Total queued: 151000 [2025-02-17T00:54:51.848Z]
Queued batch of 1000 jobs. Total queued: 152000 [2025-02-17T00:54:52.093Z]
Queued batch of 1000 jobs. Total queued: 153000 [2025-02-17T00:54:52.336Z]
Queued batch of 1000 jobs. Total queued: 154000 [2025-02-17T00:54:52.575Z]
Queued batch of 1000 jobs. Total queued: 155000 [2025-02-17T00:54:52.832Z]
Queued batch of 1000 jobs. Total queued: 156000 [2025-02-17T00:54:53.161Z]
Queued batch of 1000 jobs. Total queued: 157000 [2025-02-17T00:54:53.404Z]
Queued batch of 1000 jobs. Total queued: 158000 [2025-02-17T00:54:53.673Z]
Queued batch of 1000 jobs. Total queued: 159000 [2025-02-17T00:54:53.915Z]
Queued batch of 1000 jobs. Total queued: 160000 [2025-02-17T00:54:54.156Z]
Queued batch of 1000 jobs. Total queued: 161000 [2025-02-17T00:54:54.400Z]
Queued batch of 1000 jobs. Total queued: 162000 [2025-02-17T00:54:54.637Z]
Queued batch of 1000 jobs. Total queued: 163000 [2025-02-17T00:54:54.877Z]
Queued batch of 1000 jobs. Total queued: 164000 [2025-02-17T00:54:55.118Z]
Queued batch of 1000 jobs. Total queued: 165000 [2025-02-17T00:54:55.356Z]
Queued batch of 1000 jobs. Total queued: 166000 [2025-02-17T00:54:55.618Z]
Queued batch of 1000 jobs. Total queued: 167000 [2025-02-17T00:54:55.856Z]
Queued batch of 1000 jobs. Total queued: 168000 [2025-02-17T00:54:56.093Z]
Queued batch of 1000 jobs. Total queued: 169000 [2025-02-17T00:54:56.337Z]
Queued batch of 1000 jobs. Total queued: 170000 [2025-02-17T00:54:56.580Z]
Queued batch of 1000 jobs. Total queued: 171000 [2025-02-17T00:54:56.817Z]
Queued batch of 1000 jobs. Total queued: 172000 [2025-02-17T00:54:57.056Z]
Queued batch of 1000 jobs. Total queued: 173000 [2025-02-17T00:54:57.299Z]
Queued batch of 1000 jobs. Total queued: 174000 [2025-02-17T00:54:57.537Z]
Queued batch of 1000 jobs. Total queued: 175000 [2025-02-17T00:54:57.775Z]
Queued batch of 1000 jobs. Total queued: 176000 [2025-02-17T00:54:58.020Z]
Queued batch of 1000 jobs. Total queued: 177000 [2025-02-17T00:54:58.261Z]
Queued batch of 1000 jobs. Total queued: 178000 [2025-02-17T00:54:58.505Z]
Queued batch of 1000 jobs. Total queued: 179000 [2025-02-17T00:54:58.750Z]
Queued batch of 1000 jobs. Total queued: 180000 [2025-02-17T00:54:58.989Z]
### Queued final batch of 800 jobs. Total queued: 180800 [2025-02-17T00:54:59.233Z]
### Phase 2: Starting workers... [2025-02-17T00:54:59.233Z]
Started worker 0 [2025-02-17T00:54:59.238Z]
Started worker 1 [2025-02-17T00:54:59.239Z]
Started worker 2 [2025-02-17T00:54:59.240Z]
Started worker 3 [2025-02-17T00:54:59.240Z]
Started worker 4 [2025-02-17T00:54:59.241Z]
Started worker 5 [2025-02-17T00:54:59.241Z]
Started worker 6 [2025-02-17T00:54:59.242Z]
Started worker 7 [2025-02-17T00:54:59.242Z]
Started worker 8 [2025-02-17T00:54:59.242Z]
Started worker 9 [2025-02-17T00:54:59.243Z]
Started worker 10 [2025-02-17T00:54:59.243Z]
Started worker 11 [2025-02-17T00:54:59.243Z]
Started worker 12 [2025-02-17T00:54:59.244Z]
Started worker 13 [2025-02-17T00:54:59.244Z]
Started worker 14 [2025-02-17T00:54:59.245Z]
Started worker 15 [2025-02-17T00:54:59.246Z]
Started worker 16 [2025-02-17T00:54:59.246Z]
Started worker 17 [2025-02-17T00:54:59.247Z]
Started worker 18 [2025-02-17T00:54:59.248Z]
Started worker 19 [2025-02-17T00:54:59.248Z]
### Progress: 20/180800 events | Elapsed time: 5.2s [2025-02-17T00:55:04.479Z]
### Progress: 100/180800 events | Elapsed time: 10.3s [2025-02-17T00:55:09.501Z]
### Progress: 160/180800 events | Elapsed time: 15.2s [2025-02-17T00:55:14.484Z]
### Progress: 240/180800 events | Elapsed time: 20.2s [2025-02-17T00:55:19.490Z]
### Progress: 301/180800 events | Elapsed time: 25.3s [2025-02-17T00:55:24.499Z]
### Progress: 380/180800 events | Elapsed time: 30.3s [2025-02-17T00:55:29.506Z]
### Progress: 441/180800 events | Elapsed time: 35.3s [2025-02-17T00:55:34.512Z]
### Progress: 520/180800 events | Elapsed time: 40.3s [2025-02-17T00:55:39.514Z]
